// Jest Snapshot v1, https://goo.gl/fbAQLP

exports[`<Header /> renders 1`] = `
<header>
  <div
    className="makeStyles-root-1"
  >
    <WithStyles(ForwardRef(AppBar))
      position="static"
    >
      <WithStyles(ForwardRef(Toolbar))>
        <WithStyles(ForwardRef(Typography))
          className="makeStyles-title-3"
          variant="h6"
        >
          <Link
            className="makeStyles-menuButton-2"
            key="1"
            to="/about"
          >
            About
          </Link>
        </WithStyles(ForwardRef(Typography))>
      </WithStyles(ForwardRef(Toolbar))>
    </WithStyles(ForwardRef(AppBar))>
  </div>
</header>
`;
